Enter event name:
Enter num tickets:
Error: No input entered
