Enter event name:
Enter date (YYMMDD):
Enter num tickets:
Enter event name:
Error: Cannot complete action in the same session
