Enter event name:
Enter num tickets:
Error: Event name entered is invalid
