Enter event name:
Enter num tickets:
Enter event name:
Enter num tickets:
Error: Num tickets is invalid
