Enter event name:
Enter date (YYMMDD):
Enter num tickets:
Error: Number is invalid
