Enter event name:
Enter num tickets:
Error: Number is invalid
