Enter event name:
Enter event name:
Error: Event name entered is invalid
