Enter event name:
Enter num tickets:
Error: Number cannot be a decimal
