Enter event name:
Enter date (YYMMDD):
Enter num tickets:
Error: Number cannot be greater than 99999
