Enter event name:
Enter num tickets:
Error: Input is invalid
