Enter event name:
Enter num tickets:
Error: Number cannot be greater than 99999
