Enter event name:
Enter num tickets:
Error: num tickets is too high
