Enter event name:
Error: Event title is greater than 20 characters
