Enter event name:
Enter date (YYMMDD):
Enter num tickets:
Error: No input entered
