Enter event name:
Error: Number cannot be a decimal
