Enter event name:
Error: Cannot complete action in the same session
