Enter event name:
Enter date (YYMMDD):
Error: Input is invalid
